DEBUG - 2026-05-12 15:03:25 --> Session: Class initialized using 'CodeIgniter\Session\Handlers\FileHandler' driver.
DEBUG - 2026-05-12 15:03:35 --> Session: Class initialized using 'CodeIgniter\Session\Handlers\FileHandler' driver.
INFO - 2026-05-12 15:03:43 --> CSRF token verified.
ERROR - 2026-05-12 15:03:45 --> Email: sendWithMail throwed ErrorException: mail(): Failed to connect to mailserver at &quot;localhost&quot; port 25, verify your &quot;SMTP&quot; and &quot;smtp_port&quot; setting in php.ini or use ini_set() in C:\xampp\htdocs\muzuriacademie\home\system\Email\Email.php:1776
Stack trace:
#0 [internal function]: CodeIgniter\Debug\Exceptions->errorHandler(2, 'mail(): Failed ...', 'C:\\xampp\\htdocs...', 1776)
#1 C:\xampp\htdocs\muzuriacademie\home\system\Email\Email.php(1776): mail('gadnyumbaiza@gm...', '=?UTF-8?Q?Confi...', 'This is a multi...', 'Date: Tue, 12 M...', '-f no-reply@muz...')
#2 C:\xampp\htdocs\muzuriacademie\home\system\Email\Email.php(1708): CodeIgniter\Email\Email->sendWithMail()
#3 C:\xampp\htdocs\muzuriacademie\home\system\Email\Email.php(1602): CodeIgniter\Email\Email->spoolEmail()
#4 C:\xampp\htdocs\muzuriacademie\home\app\Controllers\Registration.php(170): CodeIgniter\Email\Email->send()
#5 C:\xampp\htdocs\muzuriacademie\home\app\Controllers\Registration.php(124): App\Controllers\Registration->sendConfirmationEmail('gadnyumbaiza@gm...', 'Universit\xC3\xA9 de ...', Array)
#6 C:\xampp\htdocs\muzuriacademie\home\system\CodeIgniter.php(951): App\Controllers\Registration->create()
#7 C:\xampp\htdocs\muzuriacademie\home\system\CodeIgniter.php(497): CodeIgniter\CodeIgniter->runController(Object(App\Controllers\Registration))
#8 C:\xampp\htdocs\muzuriacademie\home\system\CodeIgniter.php(340): CodeIgniter\CodeIgniter->handleRequest(NULL, Object(Config\Cache), false)
#9 C:\xampp\htdocs\muzuriacademie\home\system\Boot.php(417): CodeIgniter\CodeIgniter->run()
#10 C:\xampp\htdocs\muzuriacademie\home\system\Boot.php(68): CodeIgniter\Boot::runCodeIgniter(Object(CodeIgniter\CodeIgniter))
#11 C:\xampp\htdocs\muzuriacademie\htdocs\index.php(64): CodeIgniter\Boot::bootWeb(Object(Config\Paths))
#12 {main}
ERROR - 2026-05-12 15:03:45 --> Email: Unable to send email using PHP mail(). Your server might not be configured to send mail using this method.
ERROR - 2026-05-12 15:03:45 --> 
ERROR - 2026-05-12 15:03:45 --> Email failed: Unable to send email using PHP mail(). Your server might not be configured to send mail using this method.<br><pre>Date: Tue, 12 May 2026 15:03:43 +0200
From: =?UTF-8?Q?Muzuri=20Acad=C3=A9mie?= &lt;no-reply@muzuriacademie.com&gt;
Return-Path: &lt;no-reply@muzuriacademie.com&gt;
Reply-To: &lt;no-reply@muzuriacademie.com&gt;
User-Agent: CodeIgniter
X-Sender: no-reply@muzuriacademie.com
X-Mailer: CodeIgniter
X-Priority: 3 (Normal)
Message-ID: &lt;6a03252f9c9d74.28579533@muzuriacademie.com&gt;
Mime-Version: 1.0
Content-Type: multipart/mixed; boundary=&quot;B_ATC_6a03252f9c9ff8.61963456&quot;
</pre>
DEBUG - 2026-05-12 15:05:58 --> Session: Class initialized using 'CodeIgniter\Session\Handlers\FileHandler' driver.
INFO - 2026-05-12 15:06:11 --> CSRF token verified.
DEBUG - 2026-05-12 15:06:11 --> Session: Class initialized using 'CodeIgniter\Session\Handlers\FileHandler' driver.
INFO - 2026-05-12 15:06:21 --> CSRF token verified.
DEBUG - 2026-05-12 15:06:21 --> Session: Class initialized using 'CodeIgniter\Session\Handlers\FileHandler' driver.
INFO - 2026-05-12 15:06:27 --> CSRF token verified.
DEBUG - 2026-05-12 15:06:27 --> Session: Class initialized using 'CodeIgniter\Session\Handlers\FileHandler' driver.
INFO - 2026-05-12 15:06:34 --> CSRF token verified.
ERROR - 2026-05-12 15:06:36 --> Email: sendWithMail throwed ErrorException: mail(): Failed to connect to mailserver at &quot;localhost&quot; port 25, verify your &quot;SMTP&quot; and &quot;smtp_port&quot; setting in php.ini or use ini_set() in C:\xampp\htdocs\muzuriacademie\home\system\Email\Email.php:1776
Stack trace:
#0 [internal function]: CodeIgniter\Debug\Exceptions->errorHandler(2, 'mail(): Failed ...', 'C:\\xampp\\htdocs...', 1776)
#1 C:\xampp\htdocs\muzuriacademie\home\system\Email\Email.php(1776): mail('gadnyz.apps@gma...', '=?UTF-8?Q?Confi...', 'This is a multi...', 'Date: Tue, 12 M...', '-f no-reply@muz...')
#2 C:\xampp\htdocs\muzuriacademie\home\system\Email\Email.php(1708): CodeIgniter\Email\Email->sendWithMail()
#3 C:\xampp\htdocs\muzuriacademie\home\system\Email\Email.php(1602): CodeIgniter\Email\Email->spoolEmail()
#4 C:\xampp\htdocs\muzuriacademie\home\app\Controllers\Registration.php(170): CodeIgniter\Email\Email->send()
#5 C:\xampp\htdocs\muzuriacademie\home\app\Controllers\Registration.php(124): App\Controllers\Registration->sendConfirmationEmail('gadnyz.apps@gma...', 'jhj', Array)
#6 C:\xampp\htdocs\muzuriacademie\home\system\CodeIgniter.php(951): App\Controllers\Registration->create()
#7 C:\xampp\htdocs\muzuriacademie\home\system\CodeIgniter.php(497): CodeIgniter\CodeIgniter->runController(Object(App\Controllers\Registration))
#8 C:\xampp\htdocs\muzuriacademie\home\system\CodeIgniter.php(340): CodeIgniter\CodeIgniter->handleRequest(NULL, Object(Config\Cache), false)
#9 C:\xampp\htdocs\muzuriacademie\home\system\Boot.php(417): CodeIgniter\CodeIgniter->run()
#10 C:\xampp\htdocs\muzuriacademie\home\system\Boot.php(68): CodeIgniter\Boot::runCodeIgniter(Object(CodeIgniter\CodeIgniter))
#11 C:\xampp\htdocs\muzuriacademie\htdocs\index.php(64): CodeIgniter\Boot::bootWeb(Object(Config\Paths))
#12 {main}
ERROR - 2026-05-12 15:06:36 --> Email: Unable to send email using PHP mail(). Your server might not be configured to send mail using this method.
ERROR - 2026-05-12 15:06:36 --> 
ERROR - 2026-05-12 15:06:36 --> Email failed: Unable to send email using PHP mail(). Your server might not be configured to send mail using this method.<br><pre>Date: Tue, 12 May 2026 15:06:34 +0200
From: =?UTF-8?Q?Muzuri=20Acad=C3=A9mie?= &lt;no-reply@muzuriacademie.com&gt;
Return-Path: &lt;no-reply@muzuriacademie.com&gt;
Reply-To: &lt;no-reply@muzuriacademie.com&gt;
User-Agent: CodeIgniter
X-Sender: no-reply@muzuriacademie.com
X-Mailer: CodeIgniter
X-Priority: 3 (Normal)
Message-ID: &lt;6a0325daa035f9.44182198@muzuriacademie.com&gt;
Mime-Version: 1.0
Content-Type: multipart/mixed; boundary=&quot;B_ATC_6a0325daa03854.51949847&quot;
</pre>
